******************************************************************************
                  TI ARM Linker PC v20.2.7                     
******************************************************************************
>> Linked Tue Sep  5 18:12:07 2023

OUTPUT FILE NAME:   <UART_COMMUNICATION.out>
ENTRY POINT SYMBOL: "_c_int00_noargs"  address: 00000ce1


MEMORY CONFIGURATION

         name            origin    length      used     unused   attr    fill
----------------------  --------  ---------  --------  --------  ----  --------
  FLASH                 00000000   00040000  00000f7a  0003f086  R  X
  SRAM                  20000000   00008000  00000398  00007c68  RW X


SEGMENT ALLOCATION MAP

run origin  load origin   length   init length attrs members
----------  ----------- ---------- ----------- ----- -------
00000000    00000000    00000f80   00000f80    r-x
  00000000    00000000    0000026c   0000026c    r-- .intvecs
  0000026c    0000026c    00000be2   00000be2    r-x .text
  00000e50    00000e50    000000fc   000000fc    r-- .const
  00000f50    00000f50    00000030   00000030    r-- .cinit
20000000    20000000    00000398   00000000    rw-
  20000000    20000000    00000200   00000000    rw- .stack
  20000200    20000200    00000192   00000000    rw- .bss
  20000392    20000392    00000006   00000000    rw- .data


SECTION ALLOCATION MAP

 output                                  attributes/
section   page    origin      length       input sections
--------  ----  ----------  ----------   ----------------
.intvecs   0    00000000    0000026c     
                  00000000    0000026c     tm4c123gh6pm_startup_ccs.obj (.intvecs)

.text      0    0000026c    00000be2     
                  0000026c    00000220     COMMUNICATION_Manager.obj (.text)
                  0000048c    000001d8     COMMUNICATION_Test.obj (.text)
                  00000664    0000016c     driverlib.lib : gpio.obj (.text:GPIOPadConfigSet)
                  000007d0    00000118                   : sysctl.obj (.text:SysCtlClockGet)
                  000008e8    0000009c     rtsv7M4_T_le_v4SPD16_eabi.lib : memcpy_t2.asm.obj (.text)
                  00000984    00000098     GPIO.obj (.text)
                  00000a1c    00000074     UART.obj (.text)
                  00000a90    00000068     rtsv7M4_T_le_v4SPD16_eabi.lib : copy_decompress_lzss.c.obj (.text:decompress:lzss:__TI_decompress_lzss)
                  00000af8    0000005c     LEDS.obj (.text)
                  00000b54    0000004c     driverlib.lib : gpio.obj (.text:GPIOPinConfigure)
                  00000ba0    00000048     BUTTONS.obj (.text)
                  00000be8    00000046     driverlib.lib : uart.obj (.text:UARTConfigSetExpClk)
                  00000c2e    00000002     --HOLE-- [fill = 0]
                  00000c30    00000044     rtsv7M4_T_le_v4SPD16_eabi.lib : autoinit.c.obj (.text:__TI_auto_init_nobinit_nopinit:__TI_auto_init_nobinit_nopinit)
                  00000c74    00000038     driverlib.lib : sysctl.obj (.text:SysCtlPeripheralReady)
                  00000cac    00000034                   : sysctl.obj (.text:SysCtlPeripheralEnable)
                  00000ce0    00000034     rtsv7M4_T_le_v4SPD16_eabi.lib : boot_cortex_m.c.obj (.text:_c_int00_noargs:_c_int00_noargs)
                  00000d14    0000002c     driverlib.lib : gpio.obj (.text:GPIODirModeSet)
                  00000d40    00000020                   : uart.obj (.text:UARTDisable)
                  00000d60    0000001c     rtsv7M4_T_le_v4SPD16_eabi.lib : copy_zero_init.c.obj (.text:decompress:ZI:__TI_zero_init_nomemset:__TI_zero_init_nomemset)
                  00000d7c    0000001a     driverlib.lib : gpio.obj (.text:GPIOPinTypeGPIOOutput)
                  00000d96    00000002     --HOLE-- [fill = 0]
                  00000d98    00000018                   : gpio.obj (.text:GPIOUnlockPin)
                  00000db0    00000016                   : gpio.obj (.text:GPIOPinTypeUART)
                  00000dc6    00000014                   : uart.obj (.text:UARTEnable)
                  00000dda    0000000e                   : uart.obj (.text:UARTCharGetNonBlocking)
                  00000de8    0000000e                   : uart.obj (.text:UARTCharsAvail)
                  00000df6    0000000e     rtsv7M4_T_le_v4SPD16_eabi.lib : copy_decompress_none.c.obj (.text:decompress:none:__TI_decompress_none)
                  00000e04    0000000c     main.obj (.text)
                  00000e10    0000000c     tm4c123gh6pm_startup_ccs.obj (.text)
                  00000e1c    0000000a     driverlib.lib : uart.obj (.text:UARTCharPut)
                  00000e26    0000000a                   : uart.obj (.text:UARTIntStatus)
                  00000e30    00000006                   : gpio.obj (.text:GPIOPinRead)
                  00000e36    00000006                   : gpio.obj (.text:GPIOPinWrite)
                  00000e3c    00000006                   : uart.obj (.text:UARTClockSourceSet)
                  00000e42    00000004                   : uart.obj (.text:UARTIntClear)
                  00000e46    00000004     rtsv7M4_T_le_v4SPD16_eabi.lib : pre_init.c.obj (.text:_system_pre_init)
                  00000e4a    00000004                                   : exit.c.obj (.text:abort:abort)

.const     0    00000e50    000000fc     
                  00000e50    00000090     driverlib.lib : gpio.obj (.const:g_pui32GPIOBaseAddrs)
                  00000ee0    0000006c                   : sysctl.obj (.const:g_pui32Xtals)

.cinit     0    00000f50    00000030     
                  00000f50    0000000c     (__TI_handler_table)
                  00000f5c    00000004     --HOLE-- [fill = 0]
                  00000f60    00000008     (.cinit..bss.load) [load image, compression = zero_init]
                  00000f68    00000007     (.cinit..data.load) [load image, compression = lzss]
                  00000f6f    00000001     --HOLE-- [fill = 0]
                  00000f70    00000010     (__TI_cinit_table)

.init_array 
*          0    00000000    00000000     UNINITIALIZED

.bss       0    20000200    00000192     UNINITIALIZED
                  20000200    000000c8     COMMUNICATION_Test.obj (.bss:str2)
                  200002c8    000000c8     COMMUNICATION_Test.obj (.bss:str)
                  20000390    00000002     COMMUNICATION_Test.obj (.bss)

.data      0    20000392    00000006     UNINITIALIZED
                  20000392    00000004     COMMUNICATION_Manager.obj (.data)
                  20000396    00000002     COMMUNICATION_Test.obj (.data)

.stack     0    20000000    00000200     UNINITIALIZED
                  20000000    00000004     rtsv7M4_T_le_v4SPD16_eabi.lib : boot_cortex_m.c.obj (.stack)
                  20000004    000001fc     --HOLE--

__llvm_prf_cnts 
*          0    20000000    00000000     UNINITIALIZED

MODULE SUMMARY

       Module                         code   ro data   rw data
       ------                         ----   -------   -------
    .\
       tm4c123gh6pm_startup_ccs.obj   12     620       0      
       main.obj                       12     0         0      
    +--+------------------------------+------+---------+---------+
       Total:                         24     620       0      
                                                              
    .\APP\
       COMMUNICATION_Test.obj         472    0         404    
    +--+------------------------------+------+---------+---------+
       Total:                         472    0         404    
                                                              
    .\HAL\BUTTONS\
       BUTTONS.obj                    72     0         0      
    +--+------------------------------+------+---------+---------+
       Total:                         72     0         0      
                                                              
    .\HAL\COMMUNICATION_Manager\
       COMMUNICATION_Manager.obj      544    0         4      
    +--+------------------------------+------+---------+---------+
       Total:                         544    0         4      
                                                              
    .\HAL\LEDS\
       LEDS.obj                       92     0         0      
    +--+------------------------------+------+---------+---------+
       Total:                         92     0         0      
                                                              
    .\MCAL\GPIO\
       GPIO.obj                       152    0         0      
    +--+------------------------------+------+---------+---------+
       Total:                         152    0         0      
                                                              
    .\MCAL\UART\
       UART.obj                       116    0         0      
    +--+------------------------------+------+---------+---------+
       Total:                         116    0         0      
                                                              
    C:/ti/TivaWare_C_Series-2.2.0.295/driverlib/ccs/Debug/driverlib.lib
       gpio.obj                       568    144       0      
       sysctl.obj                     388    108       0      
       uart.obj                       180    0         0      
    +--+------------------------------+------+---------+---------+
       Total:                         1136   252       0      
                                                              
    C:\ti\ccs1240\ccs\tools\compiler\ti-cgt-arm_20.2.7.LTS\lib\rtsv7M4_T_le_v4SPD16_eabi.lib
       memcpy_t2.asm.obj              156    0         0      
       copy_decompress_lzss.c.obj     104    0         0      
       autoinit.c.obj                 68     0         0      
       boot_cortex_m.c.obj            52     0         0      
       copy_zero_init.c.obj           28     0         0      
       copy_decompress_none.c.obj     14     0         0      
       exit.c.obj                     4      0         0      
       pre_init.c.obj                 4      0         0      
    +--+------------------------------+------+---------+---------+
       Total:                         430    0         0      
                                                              
       Stack:                         0      0         512    
       Linker Generated:              0      43        0      
    +--+------------------------------+------+---------+---------+
       Grand Total:                   3038   915       920    


LINKER GENERATED COPY TABLES

__TI_cinit_table @ 00000f70 records: 2, size/record: 8, table size: 16
	.bss: load addr=00000f60, load size=00000008 bytes, run addr=20000200, run size=00000192 bytes, compression=zero_init
	.data: load addr=00000f68, load size=00000007 bytes, run addr=20000392, run size=00000006 bytes, compression=lzss


LINKER GENERATED HANDLER TABLE

__TI_handler_table @ 00000f50 records: 3, size/record: 4, table size: 12
	index: 0, handler: __TI_decompress_lzss
	index: 1, handler: __TI_decompress_none
	index: 2, handler: __TI_zero_init


GLOBAL SYMBOLS: SORTED ALPHABETICALLY BY Name 

address   name                          
-------   ----                          
00000ba1  BUTTONS_Init                  
00000b25  BlueLedOFF                    
00000b17  BlueLedON                     
00000e4b  C$$EXIT                       
0000026d  COMMUNICATION_Init            
0000048d  COMMUNICATION_Test_Init       
000004ad  COMMUNICATION_Test_Runnable   
00000d15  GPIODirModeSet                
00000665  GPIOPadConfigSet              
00000b55  GPIOPinConfigure              
00000e31  GPIOPinRead                   
00000d7d  GPIOPinTypeGPIOOutput         
00000db1  GPIOPinTypeUART               
00000e37  GPIOPinWrite                  
00000d99  GPIOUnlockPin                 
00000985  GPIO_Init                     
00000af9  LEDS_Init                     
00000b09  RedLedOFF                     
00000afb  RedLedON                      
00000e11  ResetISR                      
000007d1  SysCtlClockGet                
00000cad  SysCtlPeripheralEnable        
00000c75  SysCtlPeripheralReady         
00000ddb  UARTCharGetNonBlocking        
00000e1d  UARTCharPut                   
00000de9  UARTCharsAvail                
00000e3d  UARTClockSourceSet            
00000be9  UARTConfigSetExpClk           
00000d41  UARTDisable                   
00000dc7  UARTEnable                    
00000e43  UARTIntClear                  
00000e27  UARTIntStatus                 
00000a1d  UART_Init                     
00000b41  WhiteLedOFF                   
00000b33  WhiteLedON                    
20000200  __STACK_END                   
00000200  __STACK_SIZE                  
20000200  __STACK_TOP                   
00000f70  __TI_CINIT_Base               
00000f80  __TI_CINIT_Limit              
00000f50  __TI_Handler_Table_Base       
00000f5c  __TI_Handler_Table_Limit      
00000c31  __TI_auto_init_nobinit_nopinit
00000a91  __TI_decompress_lzss          
00000df7  __TI_decompress_none          
ffffffff  __TI_pprof_out_hndl           
ffffffff  __TI_prof_data_size           
ffffffff  __TI_prof_data_start          
00000000  __TI_static_base__            
00000d61  __TI_zero_init_nomemset       
000008e9  __aeabi_memcpy                
000008e9  __aeabi_memcpy4               
000008e9  __aeabi_memcpy8               
ffffffff  __binit__                     
ffffffff  __c_args__                    
UNDEFED   __mpu_init                    
20000000  __stack                       
20000000  __start___llvm_prf_cnts       
20000000  __stop___llvm_prf_cnts        
00000ce1  _c_int00_noargs               
UNDEFED   _system_post_cinit            
00000e47  _system_pre_init              
00000e4b  abort                         
ffffffff  binit                         
0000059b  checkButtonsPressed           
00000000  g_pfnVectors                  
00000bc3  getLeftButtonPressed          
00000ba3  getRightButtonPressed         
0000055d  handleListenState             
000004d9  handleOffState                
000004ff  handleOnState                 
00000e05  main                          
000008e9  memcpy                        
00000303  recieveStringSource1NoBlock   
000003d3  recieveStringSource2NoBlock   
00000275  sendNewLine                   
00000289  sendStringSource1             
000002cd  sendStringSource2             


GLOBAL SYMBOLS: SORTED BY Symbol Address 

address   name                          
-------   ----                          
00000000  __TI_static_base__            
00000000  g_pfnVectors                  
00000200  __STACK_SIZE                  
0000026d  COMMUNICATION_Init            
00000275  sendNewLine                   
00000289  sendStringSource1             
000002cd  sendStringSource2             
00000303  recieveStringSource1NoBlock   
000003d3  recieveStringSource2NoBlock   
0000048d  COMMUNICATION_Test_Init       
000004ad  COMMUNICATION_Test_Runnable   
000004d9  handleOffState                
000004ff  handleOnState                 
0000055d  handleListenState             
0000059b  checkButtonsPressed           
00000665  GPIOPadConfigSet              
000007d1  SysCtlClockGet                
000008e9  __aeabi_memcpy                
000008e9  __aeabi_memcpy4               
000008e9  __aeabi_memcpy8               
000008e9  memcpy                        
00000985  GPIO_Init                     
00000a1d  UART_Init                     
00000a91  __TI_decompress_lzss          
00000af9  LEDS_Init                     
00000afb  RedLedON                      
00000b09  RedLedOFF                     
00000b17  BlueLedON                     
00000b25  BlueLedOFF                    
00000b33  WhiteLedON                    
00000b41  WhiteLedOFF                   
00000b55  GPIOPinConfigure              
00000ba1  BUTTONS_Init                  
00000ba3  getRightButtonPressed         
00000bc3  getLeftButtonPressed          
00000be9  UARTConfigSetExpClk           
00000c31  __TI_auto_init_nobinit_nopinit
00000c75  SysCtlPeripheralReady         
00000cad  SysCtlPeripheralEnable        
00000ce1  _c_int00_noargs               
00000d15  GPIODirModeSet                
00000d41  UARTDisable                   
00000d61  __TI_zero_init_nomemset       
00000d7d  GPIOPinTypeGPIOOutput         
00000d99  GPIOUnlockPin                 
00000db1  GPIOPinTypeUART               
00000dc7  UARTEnable                    
00000ddb  UARTCharGetNonBlocking        
00000de9  UARTCharsAvail                
00000df7  __TI_decompress_none          
00000e05  main                          
00000e11  ResetISR                      
00000e1d  UARTCharPut                   
00000e27  UARTIntStatus                 
00000e31  GPIOPinRead                   
00000e37  GPIOPinWrite                  
00000e3d  UARTClockSourceSet            
00000e43  UARTIntClear                  
00000e47  _system_pre_init              
00000e4b  C$$EXIT                       
00000e4b  abort                         
00000f50  __TI_Handler_Table_Base       
00000f5c  __TI_Handler_Table_Limit      
00000f70  __TI_CINIT_Base               
00000f80  __TI_CINIT_Limit              
20000000  __stack                       
20000000  __start___llvm_prf_cnts       
20000000  __stop___llvm_prf_cnts        
20000200  __STACK_END                   
20000200  __STACK_TOP                   
ffffffff  __TI_pprof_out_hndl           
ffffffff  __TI_prof_data_size           
ffffffff  __TI_prof_data_start          
ffffffff  __binit__                     
ffffffff  __c_args__                    
ffffffff  binit                         
UNDEFED   __mpu_init                    
UNDEFED   _system_post_cinit            

[78 symbols]
