******************************************************************************
                  TI ARM Linker PC v20.2.7                     
******************************************************************************
>> Linked Tue Sep 19 16:54:40 2023

OUTPUT FILE NAME:   <UART_COMMUNICATION_FINAL.out>
ENTRY POINT SYMBOL: "_c_int00_noargs"  address: 00000d45


MEMORY CONFIGURATION

         name            origin    length      used     unused   attr    fill
----------------------  --------  ---------  --------  --------  ----  --------
  FLASH                 00000000   00040000  00000ff4  0003f00c  R  X
  SRAM                  20000000   00008000  00000398  00007c68  RW X


SEGMENT ALLOCATION MAP

run origin  load origin   length   init length attrs members
----------  ----------- ---------- ----------- ----- -------
00000000    00000000    00000ff8   00000ff8    r-x
  00000000    00000000    0000026c   0000026c    r-- .intvecs
  0000026c    0000026c    00000c5c   00000c5c    r-x .text
  00000ec8    00000ec8    000000fc   000000fc    r-- .const
  00000fc8    00000fc8    00000030   00000030    r-- .cinit
20000000    20000000    00000398   00000000    rw-
  20000000    20000000    00000200   00000000    rw- .stack
  20000200    20000200    00000192   00000000    rw- .bss
  20000392    20000392    00000006   00000000    rw- .data


SECTION ALLOCATION MAP

 output                                  attributes/
section   page    origin      length       input sections
--------  ----  ----------  ----------   ----------------
.intvecs   0    00000000    0000026c     
                  00000000    0000026c     tm4c123gh6pm_startup_ccs.obj (.intvecs)

.text      0    0000026c    00000c5c     
                  0000026c    00000250     COMMUNICATION_Manager.obj (.text)
                  000004bc    000001d8     COMMUNICATION_Test.obj (.text)
                  00000694    0000016c     driverlib.lib : gpio.obj (.text:GPIOPadConfigSet)
                  00000800    00000118                   : sysctl.obj (.text:SysCtlClockGet)
                  00000918    000000cc     GPIO.obj (.text)
                  000009e4    0000009c     rtsv7M4_T_le_v4SPD16_eabi.lib : memcpy_t2.asm.obj (.text)
                  00000a80    00000074     UART.obj (.text)
                  00000af4    00000068     rtsv7M4_T_le_v4SPD16_eabi.lib : copy_decompress_lzss.c.obj (.text:decompress:lzss:__TI_decompress_lzss)
                  00000b5c    0000005c     LEDS.obj (.text)
                  00000bb8    0000004c     driverlib.lib : gpio.obj (.text:GPIOPinConfigure)
                  00000c04    00000048     BUTTONS.obj (.text)
                  00000c4c    00000046     driverlib.lib : uart.obj (.text:UARTConfigSetExpClk)
                  00000c92    00000002     --HOLE-- [fill = 0]
                  00000c94    00000044     rtsv7M4_T_le_v4SPD16_eabi.lib : autoinit.c.obj (.text:__TI_auto_init_nobinit_nopinit:__TI_auto_init_nobinit_nopinit)
                  00000cd8    00000038     driverlib.lib : sysctl.obj (.text:SysCtlPeripheralReady)
                  00000d10    00000034                   : sysctl.obj (.text:SysCtlPeripheralEnable)
                  00000d44    00000034     rtsv7M4_T_le_v4SPD16_eabi.lib : boot_cortex_m.c.obj (.text:_c_int00_noargs:_c_int00_noargs)
                  00000d78    0000002c     driverlib.lib : gpio.obj (.text:GPIODirModeSet)
                  00000da4    00000020                   : uart.obj (.text:UARTDisable)
                  00000dc4    0000001c     rtsv7M4_T_le_v4SPD16_eabi.lib : copy_zero_init.c.obj (.text:decompress:ZI:__TI_zero_init_nomemset:__TI_zero_init_nomemset)
                  00000de0    0000001a     driverlib.lib : gpio.obj (.text:GPIOPinTypeGPIOOutput)
                  00000dfa    00000002     --HOLE-- [fill = 0]
                  00000dfc    00000018                   : gpio.obj (.text:GPIOUnlockPin)
                  00000e14    00000016                   : gpio.obj (.text:GPIOPinTypeI2C)
                  00000e2a    00000016                   : gpio.obj (.text:GPIOPinTypeUART)
                  00000e40    00000014                   : uart.obj (.text:UARTEnable)
                  00000e54    0000000e                   : uart.obj (.text:UARTCharGetNonBlocking)
                  00000e62    0000000e                   : uart.obj (.text:UARTCharsAvail)
                  00000e70    0000000e     rtsv7M4_T_le_v4SPD16_eabi.lib : copy_decompress_none.c.obj (.text:decompress:none:__TI_decompress_none)
                  00000e7e    0000000c     main.obj (.text)
                  00000e8a    0000000c     tm4c123gh6pm_startup_ccs.obj (.text)
                  00000e96    0000000a     driverlib.lib : uart.obj (.text:UARTCharPut)
                  00000ea0    0000000a                   : uart.obj (.text:UARTIntStatus)
                  00000eaa    00000006                   : gpio.obj (.text:GPIOPinRead)
                  00000eb0    00000006                   : gpio.obj (.text:GPIOPinWrite)
                  00000eb6    00000006                   : uart.obj (.text:UARTClockSourceSet)
                  00000ebc    00000004                   : uart.obj (.text:UARTIntClear)
                  00000ec0    00000004     rtsv7M4_T_le_v4SPD16_eabi.lib : pre_init.c.obj (.text:_system_pre_init)
                  00000ec4    00000004                                   : exit.c.obj (.text:abort:abort)

.const     0    00000ec8    000000fc     
                  00000ec8    00000090     driverlib.lib : gpio.obj (.const:g_pui32GPIOBaseAddrs)
                  00000f58    0000006c                   : sysctl.obj (.const:g_pui32Xtals)

.cinit     0    00000fc8    00000030     
                  00000fc8    0000000c     (__TI_handler_table)
                  00000fd4    00000004     --HOLE-- [fill = 0]
                  00000fd8    00000008     (.cinit..bss.load) [load image, compression = zero_init]
                  00000fe0    00000007     (.cinit..data.load) [load image, compression = lzss]
                  00000fe7    00000001     --HOLE-- [fill = 0]
                  00000fe8    00000010     (__TI_cinit_table)

.init_array 
*          0    00000000    00000000     UNINITIALIZED

.bss       0    20000200    00000192     UNINITIALIZED
                  20000200    000000c8     COMMUNICATION_Test.obj (.bss:str2)
                  200002c8    000000c8     COMMUNICATION_Test.obj (.bss:str)
                  20000390    00000002     COMMUNICATION_Test.obj (.bss)

.data      0    20000392    00000006     UNINITIALIZED
                  20000392    00000004     COMMUNICATION_Manager.obj (.data)
                  20000396    00000002     COMMUNICATION_Test.obj (.data)

.stack     0    20000000    00000200     UNINITIALIZED
                  20000000    00000004     rtsv7M4_T_le_v4SPD16_eabi.lib : boot_cortex_m.c.obj (.stack)
                  20000004    000001fc     --HOLE--

__llvm_prf_cnts 
*          0    20000000    00000000     UNINITIALIZED

MODULE SUMMARY

       Module                         code   ro data   rw data
       ------                         ----   -------   -------
    .\
       tm4c123gh6pm_startup_ccs.obj   12     620       0      
       main.obj                       12     0         0      
    +--+------------------------------+------+---------+---------+
       Total:                         24     620       0      
                                                              
    .\APP\
       COMMUNICATION_Test.obj         472    0         404    
    +--+------------------------------+------+---------+---------+
       Total:                         472    0         404    
                                                              
    .\HAL\BUTTONS\
       BUTTONS.obj                    72     0         0      
    +--+------------------------------+------+---------+---------+
       Total:                         72     0         0      
                                                              
    .\HAL\COMMUNICATION_Manager\
       COMMUNICATION_Manager.obj      592    0         4      
    +--+------------------------------+------+---------+---------+
       Total:                         592    0         4      
                                                              
    .\HAL\LEDS\
       LEDS.obj                       92     0         0      
    +--+------------------------------+------+---------+---------+
       Total:                         92     0         0      
                                                              
    .\MCAL\GPIO\
       GPIO.obj                       204    0         0      
    +--+------------------------------+------+---------+---------+
       Total:                         204    0         0      
                                                              
    .\MCAL\UART\
       UART.obj                       116    0         0      
    +--+------------------------------+------+---------+---------+
       Total:                         116    0         0      
                                                              
    C:/ti/TivaWare_C_Series-2.2.0.295/driverlib/ccs/Debug/driverlib.lib
       gpio.obj                       590    144       0      
       sysctl.obj                     388    108       0      
       uart.obj                       180    0         0      
    +--+------------------------------+------+---------+---------+
       Total:                         1158   252       0      
                                                              
    C:\ti\ccs1240\ccs\tools\compiler\ti-cgt-arm_20.2.7.LTS\lib\rtsv7M4_T_le_v4SPD16_eabi.lib
       memcpy_t2.asm.obj              156    0         0      
       copy_decompress_lzss.c.obj     104    0         0      
       autoinit.c.obj                 68     0         0      
       boot_cortex_m.c.obj            52     0         0      
       copy_zero_init.c.obj           28     0         0      
       copy_decompress_none.c.obj     14     0         0      
       exit.c.obj                     4      0         0      
       pre_init.c.obj                 4      0         0      
    +--+------------------------------+------+---------+---------+
       Total:                         430    0         0      
                                                              
       Stack:                         0      0         512    
       Linker Generated:              0      43        0      
    +--+------------------------------+------+---------+---------+
       Grand Total:                   3160   915       920    


LINKER GENERATED COPY TABLES

__TI_cinit_table @ 00000fe8 records: 2, size/record: 8, table size: 16
	.bss: load addr=00000fd8, load size=00000008 bytes, run addr=20000200, run size=00000192 bytes, compression=zero_init
	.data: load addr=00000fe0, load size=00000007 bytes, run addr=20000392, run size=00000006 bytes, compression=lzss


LINKER GENERATED HANDLER TABLE

__TI_handler_table @ 00000fc8 records: 3, size/record: 4, table size: 12
	index: 0, handler: __TI_decompress_lzss
	index: 1, handler: __TI_decompress_none
	index: 2, handler: __TI_zero_init


GLOBAL SYMBOLS: SORTED ALPHABETICALLY BY Name 

address   name                          
-------   ----                          
00000c05  BUTTONS_Init                  
00000b89  BlueLedOFF                    
00000b7b  BlueLedON                     
00000ec5  C$$EXIT                       
0000026d  COMMUNICATION_Init            
000004bd  COMMUNICATION_Test_Init       
000004dd  COMMUNICATION_Test_Runnable   
00000d79  GPIODirModeSet                
00000695  GPIOPadConfigSet              
00000bb9  GPIOPinConfigure              
00000eab  GPIOPinRead                   
00000de1  GPIOPinTypeGPIOOutput         
00000e15  GPIOPinTypeI2C                
00000e2b  GPIOPinTypeUART               
00000eb1  GPIOPinWrite                  
00000dfd  GPIOUnlockPin                 
00000919  GPIO_Init                     
00000b5d  LEDS_Init                     
00000b6d  RedLedOFF                     
00000b5f  RedLedON                      
00000e8b  ResetISR                      
00000801  SysCtlClockGet                
00000d11  SysCtlPeripheralEnable        
00000cd9  SysCtlPeripheralReady         
00000e55  UARTCharGetNonBlocking        
00000e97  UARTCharPut                   
00000e63  UARTCharsAvail                
00000eb7  UARTClockSourceSet            
00000c4d  UARTConfigSetExpClk           
00000da5  UARTDisable                   
00000e41  UARTEnable                    
00000ebd  UARTIntClear                  
00000ea1  UARTIntStatus                 
00000a81  UART_Init                     
00000ba5  WhiteLedOFF                   
00000b97  WhiteLedON                    
20000200  __STACK_END                   
00000200  __STACK_SIZE                  
20000200  __STACK_TOP                   
00000fe8  __TI_CINIT_Base               
00000ff8  __TI_CINIT_Limit              
00000fc8  __TI_Handler_Table_Base       
00000fd4  __TI_Handler_Table_Limit      
00000c95  __TI_auto_init_nobinit_nopinit
00000af5  __TI_decompress_lzss          
00000e71  __TI_decompress_none          
ffffffff  __TI_pprof_out_hndl           
ffffffff  __TI_prof_data_size           
ffffffff  __TI_prof_data_start          
00000000  __TI_static_base__            
00000dc5  __TI_zero_init_nomemset       
000009e5  __aeabi_memcpy                
000009e5  __aeabi_memcpy4               
000009e5  __aeabi_memcpy8               
ffffffff  __binit__                     
ffffffff  __c_args__                    
UNDEFED   __mpu_init                    
20000000  __stack                       
20000000  __start___llvm_prf_cnts       
20000000  __stop___llvm_prf_cnts        
00000d45  _c_int00_noargs               
UNDEFED   _system_post_cinit            
00000ec1  _system_pre_init              
00000ec5  abort                         
ffffffff  binit                         
000005cb  checkButtonsPressed           
00000000  g_pfnVectors                  
00000c27  getLeftButtonPressed          
00000c07  getRightButtonPressed         
0000058d  handleListenState             
00000509  handleOffState                
0000052f  handleOnState                 
00000e7f  main                          
000009e5  memcpy                        
000002ef  recieveStringSource1NoBlock   
000003ed  recieveStringSource2NoBlock   
0000048f  sendNewLine                   
00000275  sendStringSource1             
000002b9  sendStringSource2             


GLOBAL SYMBOLS: SORTED BY Symbol Address 

address   name                          
-------   ----                          
00000000  __TI_static_base__            
00000000  g_pfnVectors                  
00000200  __STACK_SIZE                  
0000026d  COMMUNICATION_Init            
00000275  sendStringSource1             
000002b9  sendStringSource2             
000002ef  recieveStringSource1NoBlock   
000003ed  recieveStringSource2NoBlock   
0000048f  sendNewLine                   
000004bd  COMMUNICATION_Test_Init       
000004dd  COMMUNICATION_Test_Runnable   
00000509  handleOffState                
0000052f  handleOnState                 
0000058d  handleListenState             
000005cb  checkButtonsPressed           
00000695  GPIOPadConfigSet              
00000801  SysCtlClockGet                
00000919  GPIO_Init                     
000009e5  __aeabi_memcpy                
000009e5  __aeabi_memcpy4               
000009e5  __aeabi_memcpy8               
000009e5  memcpy                        
00000a81  UART_Init                     
00000af5  __TI_decompress_lzss          
00000b5d  LEDS_Init                     
00000b5f  RedLedON                      
00000b6d  RedLedOFF                     
00000b7b  BlueLedON                     
00000b89  BlueLedOFF                    
00000b97  WhiteLedON                    
00000ba5  WhiteLedOFF                   
00000bb9  GPIOPinConfigure              
00000c05  BUTTONS_Init                  
00000c07  getRightButtonPressed         
00000c27  getLeftButtonPressed          
00000c4d  UARTConfigSetExpClk           
00000c95  __TI_auto_init_nobinit_nopinit
00000cd9  SysCtlPeripheralReady         
00000d11  SysCtlPeripheralEnable        
00000d45  _c_int00_noargs               
00000d79  GPIODirModeSet                
00000da5  UARTDisable                   
00000dc5  __TI_zero_init_nomemset       
00000de1  GPIOPinTypeGPIOOutput         
00000dfd  GPIOUnlockPin                 
00000e15  GPIOPinTypeI2C                
00000e2b  GPIOPinTypeUART               
00000e41  UARTEnable                    
00000e55  UARTCharGetNonBlocking        
00000e63  UARTCharsAvail                
00000e71  __TI_decompress_none          
00000e7f  main                          
00000e8b  ResetISR                      
00000e97  UARTCharPut                   
00000ea1  UARTIntStatus                 
00000eab  GPIOPinRead                   
00000eb1  GPIOPinWrite                  
00000eb7  UARTClockSourceSet            
00000ebd  UARTIntClear                  
00000ec1  _system_pre_init              
00000ec5  C$$EXIT                       
00000ec5  abort                         
00000fc8  __TI_Handler_Table_Base       
00000fd4  __TI_Handler_Table_Limit      
00000fe8  __TI_CINIT_Base               
00000ff8  __TI_CINIT_Limit              
20000000  __stack                       
20000000  __start___llvm_prf_cnts       
20000000  __stop___llvm_prf_cnts        
20000200  __STACK_END                   
20000200  __STACK_TOP                   
ffffffff  __TI_pprof_out_hndl           
ffffffff  __TI_prof_data_size           
ffffffff  __TI_prof_data_start          
ffffffff  __binit__                     
ffffffff  __c_args__                    
ffffffff  binit                         
UNDEFED   __mpu_init                    
UNDEFED   _system_post_cinit            

[79 symbols]
